Archive member included to satisfy reference by file (symbol)

c:/avr/bin/../lib/gcc/avr/12.1.0/avr5\libgcc.a(_exit.o)
                              c:/avr/bin/../lib/gcc/avr/12.1.0/../../../../avr/lib/avr5/crtatmega328p.o (exit)
c:/avr/bin/../lib/gcc/avr/12.1.0/avr5\libgcc.a(_copy_data.o)
                              bin/debug/main.o (__do_copy_data)
c:/avr/bin/../lib/gcc/avr/12.1.0/avr5\libgcc.a(_clear_bss.o)
                              bin/debug/main.o (__do_clear_bss)
c:/avr/bin/../lib/gcc/avr/12.1.0/../../../../avr/lib/avr5\libm.a(divsf3.o)
                              bin/debug/main.o (__divsf3)
c:/avr/bin/../lib/gcc/avr/12.1.0/../../../../avr/lib/avr5\libm.a(divsf3x.o)
                              c:/avr/bin/../lib/gcc/avr/12.1.0/../../../../avr/lib/avr5\libm.a(divsf3.o) (__divsf3x)
c:/avr/bin/../lib/gcc/avr/12.1.0/../../../../avr/lib/avr5\libm.a(fixunssfsi.o)
                              bin/debug/main.o (__fixunssfsi)
c:/avr/bin/../lib/gcc/avr/12.1.0/../../../../avr/lib/avr5\libm.a(floatsisf.o)
                              bin/debug/main.o (__floatunsisf)
c:/avr/bin/../lib/gcc/avr/12.1.0/../../../../avr/lib/avr5\libm.a(fp_inf.o)
                              c:/avr/bin/../lib/gcc/avr/12.1.0/../../../../avr/lib/avr5\libm.a(divsf3x.o) (__fp_inf)
c:/avr/bin/../lib/gcc/avr/12.1.0/../../../../avr/lib/avr5\libm.a(fp_nan.o)
                              c:/avr/bin/../lib/gcc/avr/12.1.0/../../../../avr/lib/avr5\libm.a(divsf3x.o) (__fp_nan)
c:/avr/bin/../lib/gcc/avr/12.1.0/../../../../avr/lib/avr5\libm.a(fp_pscA.o)
                              c:/avr/bin/../lib/gcc/avr/12.1.0/../../../../avr/lib/avr5\libm.a(divsf3x.o) (__fp_pscA)
c:/avr/bin/../lib/gcc/avr/12.1.0/../../../../avr/lib/avr5\libm.a(fp_pscB.o)
                              c:/avr/bin/../lib/gcc/avr/12.1.0/../../../../avr/lib/avr5\libm.a(divsf3x.o) (__fp_pscB)
c:/avr/bin/../lib/gcc/avr/12.1.0/../../../../avr/lib/avr5\libm.a(fp_round.o)
                              c:/avr/bin/../lib/gcc/avr/12.1.0/../../../../avr/lib/avr5\libm.a(divsf3.o) (__fp_round)
c:/avr/bin/../lib/gcc/avr/12.1.0/../../../../avr/lib/avr5\libm.a(fp_split3.o)
                              c:/avr/bin/../lib/gcc/avr/12.1.0/../../../../avr/lib/avr5\libm.a(divsf3x.o) (__fp_split3)
c:/avr/bin/../lib/gcc/avr/12.1.0/../../../../avr/lib/avr5\libm.a(fp_zero.o)
                              c:/avr/bin/../lib/gcc/avr/12.1.0/../../../../avr/lib/avr5\libm.a(fixunssfsi.o) (__fp_zero)
c:/avr/bin/../lib/gcc/avr/12.1.0/../../../../avr/lib/avr5\libm.a(mulsf3.o)
                              bin/debug/main.o (__mulsf3)
c:/avr/bin/../lib/gcc/avr/12.1.0/../../../../avr/lib/avr5\libm.a(mulsf3x.o)
                              c:/avr/bin/../lib/gcc/avr/12.1.0/../../../../avr/lib/avr5\libm.a(mulsf3.o) (__mulsf3x)
c:/avr/bin/../lib/gcc/avr/12.1.0/../../../../avr/lib/avr5\libc.a(rand.o)
                              bin/debug/main.o (srand)
c:/avr/bin/../lib/gcc/avr/12.1.0/../../../../avr/lib/avr5\libc.a(iob.o)
                              bin/debug/uart.o (__iob)
c:/avr/bin/../lib/gcc/avr/12.1.0/../../../../avr/lib/avr5\libc.a(time.o)
                              bin/debug/main.o (time)
c:/avr/bin/../lib/gcc/avr/12.1.0/../../../../avr/lib/avr5\libc.a(system_time.o)
                              c:/avr/bin/../lib/gcc/avr/12.1.0/../../../../avr/lib/avr5\libc.a(time.o) (__system_time)
c:/avr/bin/../lib/gcc/avr/12.1.0/avr5\libgcc.a(_divmodsi4.o)
                              c:/avr/bin/../lib/gcc/avr/12.1.0/../../../../avr/lib/avr5\libc.a(rand.o) (__divmodsi4)
c:/avr/bin/../lib/gcc/avr/12.1.0/avr5\libgcc.a(_negsi2.o)
                              c:/avr/bin/../lib/gcc/avr/12.1.0/avr5\libgcc.a(_divmodsi4.o) (__negsi2)
c:/avr/bin/../lib/gcc/avr/12.1.0/avr5\libgcc.a(_muluhisi3.o)
                              c:/avr/bin/../lib/gcc/avr/12.1.0/../../../../avr/lib/avr5\libc.a(rand.o) (__muluhisi3)
c:/avr/bin/../lib/gcc/avr/12.1.0/avr5\libgcc.a(_mulshisi3.o)
                              c:/avr/bin/../lib/gcc/avr/12.1.0/../../../../avr/lib/avr5\libc.a(rand.o) (__mulohisi3)
c:/avr/bin/../lib/gcc/avr/12.1.0/avr5\libgcc.a(_prologue.o)
                              c:/avr/bin/../lib/gcc/avr/12.1.0/../../../../avr/lib/avr5\libc.a(time.o) (__prologue_saves__)
c:/avr/bin/../lib/gcc/avr/12.1.0/avr5\libgcc.a(_epilogue.o)
                              c:/avr/bin/../lib/gcc/avr/12.1.0/../../../../avr/lib/avr5\libc.a(time.o) (__epilogue_restores__)
c:/avr/bin/../lib/gcc/avr/12.1.0/avr5\libgcc.a(_udivmodsi4.o)
                              c:/avr/bin/../lib/gcc/avr/12.1.0/avr5\libgcc.a(_divmodsi4.o) (__udivmodsi4)
c:/avr/bin/../lib/gcc/avr/12.1.0/avr5\libgcc.a(_umulhisi3.o)
                              c:/avr/bin/../lib/gcc/avr/12.1.0/avr5\libgcc.a(_muluhisi3.o) (__umulhisi3)

Memory Configuration

Name             Origin             Length             Attributes
text             0x00000000         0x00020000         xr
data             0x00800060         0x0000ffa0         rw !x
eeprom           0x00810000         0x00010000         rw !x
fuse             0x00820000         0x00000003         rw !x
lock             0x00830000         0x00000400         rw !x
signature        0x00840000         0x00000400         rw !x
user_signatures  0x00850000         0x00000400         rw !x
*default*        0x00000000         0xffffffff

Linker script and memory map

Address of section .data set to 0x800100
LOAD c:/avr/bin/../lib/gcc/avr/12.1.0/../../../../avr/lib/avr5/crtatmega328p.o
LOAD bin/debug/main.o
LOAD bin/debug/analogRead.o
LOAD bin/debug/millis.o
LOAD bin/debug/uart.o
LOAD bin/debug/spi3.o
START GROUP
LOAD c:/avr/bin/../lib/gcc/avr/12.1.0/avr5\libgcc.a
LOAD c:/avr/bin/../lib/gcc/avr/12.1.0/../../../../avr/lib/avr5\libm.a
LOAD c:/avr/bin/../lib/gcc/avr/12.1.0/../../../../avr/lib/avr5\libc.a
LOAD c:/avr/bin/../lib/gcc/avr/12.1.0/../../../../avr/lib/avr5\libatmega328p.a
END GROUP
                0x00020000                __TEXT_REGION_LENGTH__ = DEFINED (__TEXT_REGION_LENGTH__)?__TEXT_REGION_LENGTH__:0x20000
                0x0000ffa0                __DATA_REGION_LENGTH__ = DEFINED (__DATA_REGION_LENGTH__)?__DATA_REGION_LENGTH__:0xffa0
                0x00010000                __EEPROM_REGION_LENGTH__ = DEFINED (__EEPROM_REGION_LENGTH__)?__EEPROM_REGION_LENGTH__:0x10000
                [0x00000003]                __FUSE_REGION_LENGTH__ = DEFINED (__FUSE_REGION_LENGTH__)?__FUSE_REGION_LENGTH__:0x400
                0x00000400                __LOCK_REGION_LENGTH__ = DEFINED (__LOCK_REGION_LENGTH__)?__LOCK_REGION_LENGTH__:0x400
                0x00000400                __SIGNATURE_REGION_LENGTH__ = DEFINED (__SIGNATURE_REGION_LENGTH__)?__SIGNATURE_REGION_LENGTH__:0x400
                0x00000400                __USER_SIGNATURE_REGION_LENGTH__ = DEFINED (__USER_SIGNATURE_REGION_LENGTH__)?__USER_SIGNATURE_REGION_LENGTH__:0x400

.hash
 *(.hash)

.dynsym
 *(.dynsym)

.dynstr
 *(.dynstr)

.gnu.version
 *(.gnu.version)

.gnu.version_d
 *(.gnu.version_d)

.gnu.version_r
 *(.gnu.version_r)

.rel.init
 *(.rel.init)

.rela.init
 *(.rela.init)

.rel.text
 *(.rel.text)
 *(.rel.text.*)
 *(.rel.gnu.linkonce.t*)

.rela.text
 *(.rela.text)
 *(.rela.text.*)
 *(.rela.gnu.linkonce.t*)

.rel.fini
 *(.rel.fini)

.rela.fini
 *(.rela.fini)

.rel.rodata
 *(.rel.rodata)
 *(.rel.rodata.*)
 *(.rel.gnu.linkonce.r*)

.rela.rodata
 *(.rela.rodata)
 *(.rela.rodata.*)
 *(.rela.gnu.linkonce.r*)

.rel.data
 *(.rel.data)
 *(.rel.data.*)
 *(.rel.gnu.linkonce.d*)

.rela.data
 *(.rela.data)
 *(.rela.data.*)
 *(.rela.gnu.linkonce.d*)

.rel.ctors
 *(.rel.ctors)

.rela.ctors
 *(.rela.ctors)

.rel.dtors
 *(.rel.dtors)

.rela.dtors
 *(.rela.dtors)

.rel.got
 *(.rel.got)

.rela.got
 *(.rela.got)

.rel.bss
 *(.rel.bss)

.rela.bss
 *(.rela.bss)

.rel.plt
 *(.rel.plt)

.rela.plt
 *(.rela.plt)

.text           0x00000000     0x1092
 *(.vectors)
 .vectors       0x00000000       0x68 c:/avr/bin/../lib/gcc/avr/12.1.0/../../../../avr/lib/avr5/crtatmega328p.o
                0x00000000                __vector_default
                0x00000000                __vectors
 *(.vectors)
 *(.progmem.gcc*)
                0x00000068                . = ALIGN (0x2)
                0x00000068                __trampolines_start = .
 *(.trampolines)
 .trampolines   0x00000068        0x0 linker stubs
 *(.trampolines*)
                0x00000068                __trampolines_end = .
 *libprintf_flt.a:*(.progmem.data)
 *libc.a:*(.progmem.data)
 *(.progmem.*)
                0x00000068                . = ALIGN (0x2)
 *(.lowtext)
 *(.lowtext*)
                0x00000068                __ctors_start = .
 *(.ctors)
                0x00000068                __ctors_end = .
                0x00000068                __dtors_start = .
 *(.dtors)
                0x00000068                __dtors_end = .
 SORT_BY_NAME(*)(.ctors)
 SORT_BY_NAME(*)(.dtors)
 *(.init0)
 .init0         0x00000068        0x0 c:/avr/bin/../lib/gcc/avr/12.1.0/../../../../avr/lib/avr5/crtatmega328p.o
                0x00000068                __init
 *(.init0)
 *(.init1)
 *(.init1)
 *(.init2)
 .init2         0x00000068        0xc c:/avr/bin/../lib/gcc/avr/12.1.0/../../../../avr/lib/avr5/crtatmega328p.o
 *(.init2)
 *(.init3)
 *(.init3)
 *(.init4)
 .init4         0x00000074       0x16 c:/avr/bin/../lib/gcc/avr/12.1.0/avr5\libgcc.a(_copy_data.o)
                0x00000074                __do_copy_data
 .init4         0x0000008a       0x10 c:/avr/bin/../lib/gcc/avr/12.1.0/avr5\libgcc.a(_clear_bss.o)
                0x0000008a                __do_clear_bss
 *(.init4)
 *(.init5)
 *(.init5)
 *(.init6)
 *(.init6)
 *(.init7)
 *(.init7)
 *(.init8)
 *(.init8)
 *(.init9)
 .init9         0x0000009a        0x8 c:/avr/bin/../lib/gcc/avr/12.1.0/../../../../avr/lib/avr5/crtatmega328p.o
 *(.init9)
 *(.text)
 .text          0x000000a2        0x4 c:/avr/bin/../lib/gcc/avr/12.1.0/../../../../avr/lib/avr5/crtatmega328p.o
                0x000000a2                __vector_22
                0x000000a2                __vector_1
                0x000000a2                __vector_24
                0x000000a2                __vector_12
                0x000000a2                __bad_interrupt
                0x000000a2                __vector_6
                0x000000a2                __vector_3
                0x000000a2                __vector_23
                0x000000a2                __vector_25
                0x000000a2                __vector_11
                0x000000a2                __vector_13
                0x000000a2                __vector_17
                0x000000a2                __vector_19
                0x000000a2                __vector_5
                0x000000a2                __vector_4
                0x000000a2                __vector_9
                0x000000a2                __vector_2
                0x000000a2                __vector_21
                0x000000a2                __vector_15
                0x000000a2                __vector_8
                0x000000a2                __vector_14
                0x000000a2                __vector_10
                0x000000a2                __vector_16
                0x000000a2                __vector_18
                0x000000a2                __vector_20
 .text          0x000000a6      0x652 bin/debug/main.o
                0x000000a6                chooseChord
                0x00000140                getNote2
                0x000001b6                createMajorKey
                0x000002f2                createMinorKey
                0x0000042e                getNote
                0x00000584                WriteRegister
                0x000005b2                AD9833reset
                0x000005ba                AD9833setFrequency
                0x0000066a                playChord
 .text          0x000006f8       0x90 bin/debug/analogRead.o
                0x000006f8                analogRead
 .text          0x00000788      0x14e bin/debug/millis.o
                0x00000788                millis_init
                0x000007a0                millis_get
                0x000007e0                millis_resume
                0x000007f6                millis_pause
                0x0000080c                millis_reset
                0x00000824                millis_add
                0x0000085a                millis_subtract
                0x00000890                __vector_7
 .text          0x000008d6       0x6e bin/debug/uart.o
                0x000008d6                uart_putchar
                0x000008f8                uart_getchar
                0x00000908                uart_init
                0x0000092a                init_serial
 .text          0x00000944       0x70 bin/debug/spi3.o
                0x00000944                init_spi_master
                0x00000962                spi_mode
                0x00000998                SPI_SendByte
                0x000009a2                SPI_Send2Bytes
 .text          0x000009b4        0x0 c:/avr/bin/../lib/gcc/avr/12.1.0/avr5\libgcc.a(_exit.o)
 .text          0x000009b4        0x0 c:/avr/bin/../lib/gcc/avr/12.1.0/avr5\libgcc.a(_copy_data.o)
 .text          0x000009b4        0x0 c:/avr/bin/../lib/gcc/avr/12.1.0/avr5\libgcc.a(_clear_bss.o)
 .text          0x000009b4        0x0 c:/avr/bin/../lib/gcc/avr/12.1.0/../../../../avr/lib/avr5\libm.a(divsf3.o)
 .text          0x000009b4        0x0 c:/avr/bin/../lib/gcc/avr/12.1.0/../../../../avr/lib/avr5\libm.a(divsf3x.o)
 .text          0x000009b4        0x0 c:/avr/bin/../lib/gcc/avr/12.1.0/../../../../avr/lib/avr5\libm.a(fixunssfsi.o)
 .text          0x000009b4        0x0 c:/avr/bin/../lib/gcc/avr/12.1.0/../../../../avr/lib/avr5\libm.a(floatsisf.o)
 .text          0x000009b4        0x0 c:/avr/bin/../lib/gcc/avr/12.1.0/../../../../avr/lib/avr5\libm.a(fp_inf.o)
 .text          0x000009b4        0x0 c:/avr/bin/../lib/gcc/avr/12.1.0/../../../../avr/lib/avr5\libm.a(fp_nan.o)
 .text          0x000009b4        0x0 c:/avr/bin/../lib/gcc/avr/12.1.0/../../../../avr/lib/avr5\libm.a(fp_pscA.o)
 .text          0x000009b4        0x0 c:/avr/bin/../lib/gcc/avr/12.1.0/../../../../avr/lib/avr5\libm.a(fp_pscB.o)
 .text          0x000009b4        0x0 c:/avr/bin/../lib/gcc/avr/12.1.0/../../../../avr/lib/avr5\libm.a(fp_round.o)
 .text          0x000009b4        0x0 c:/avr/bin/../lib/gcc/avr/12.1.0/../../../../avr/lib/avr5\libm.a(fp_split3.o)
 .text          0x000009b4        0x0 c:/avr/bin/../lib/gcc/avr/12.1.0/../../../../avr/lib/avr5\libm.a(fp_zero.o)
 .text          0x000009b4        0x0 c:/avr/bin/../lib/gcc/avr/12.1.0/../../../../avr/lib/avr5\libm.a(mulsf3.o)
 .text          0x000009b4        0x0 c:/avr/bin/../lib/gcc/avr/12.1.0/../../../../avr/lib/avr5\libm.a(mulsf3x.o)
 .text          0x000009b4        0x0 c:/avr/bin/../lib/gcc/avr/12.1.0/../../../../avr/lib/avr5\libc.a(rand.o)
 .text          0x000009b4        0x0 c:/avr/bin/../lib/gcc/avr/12.1.0/../../../../avr/lib/avr5\libc.a(iob.o)
 .text          0x000009b4       0x48 c:/avr/bin/../lib/gcc/avr/12.1.0/../../../../avr/lib/avr5\libc.a(time.o)
                0x000009b4                time
 .text          0x000009fc        0x0 c:/avr/bin/../lib/gcc/avr/12.1.0/../../../../avr/lib/avr5\libc.a(system_time.o)
 .text          0x000009fc        0x0 c:/avr/bin/../lib/gcc/avr/12.1.0/avr5\libgcc.a(_divmodsi4.o)
 .text          0x000009fc        0x0 c:/avr/bin/../lib/gcc/avr/12.1.0/avr5\libgcc.a(_negsi2.o)
 .text          0x000009fc        0x0 c:/avr/bin/../lib/gcc/avr/12.1.0/avr5\libgcc.a(_muluhisi3.o)
 .text          0x000009fc        0x0 c:/avr/bin/../lib/gcc/avr/12.1.0/avr5\libgcc.a(_mulshisi3.o)
 .text          0x000009fc        0x0 c:/avr/bin/../lib/gcc/avr/12.1.0/avr5\libgcc.a(_prologue.o)
 .text          0x000009fc        0x0 c:/avr/bin/../lib/gcc/avr/12.1.0/avr5\libgcc.a(_epilogue.o)
 .text          0x000009fc        0x0 c:/avr/bin/../lib/gcc/avr/12.1.0/avr5\libgcc.a(_udivmodsi4.o)
 .text          0x000009fc        0x0 c:/avr/bin/../lib/gcc/avr/12.1.0/avr5\libgcc.a(_umulhisi3.o)
                0x000009fc                . = ALIGN (0x2)
 *(.text.*)
 .text.startup  0x000009fc      0x140 bin/debug/main.o
                0x000009fc                main
 .text.libgcc.mul
                0x00000b3c        0x0 c:/avr/bin/../lib/gcc/avr/12.1.0/avr5\libgcc.a(_exit.o)
 .text.libgcc.div
                0x00000b3c        0x0 c:/avr/bin/../lib/gcc/avr/12.1.0/avr5\libgcc.a(_exit.o)
 .text.libgcc   0x00000b3c        0x0 c:/avr/bin/../lib/gcc/avr/12.1.0/avr5\libgcc.a(_exit.o)
 .text.libgcc.prologue
                0x00000b3c        0x0 c:/avr/bin/../lib/gcc/avr/12.1.0/avr5\libgcc.a(_exit.o)
 .text.libgcc.builtins
                0x00000b3c        0x0 c:/avr/bin/../lib/gcc/avr/12.1.0/avr5\libgcc.a(_exit.o)
 .text.libgcc.fmul
                0x00000b3c        0x0 c:/avr/bin/../lib/gcc/avr/12.1.0/avr5\libgcc.a(_exit.o)
 .text.libgcc.fixed
                0x00000b3c        0x0 c:/avr/bin/../lib/gcc/avr/12.1.0/avr5\libgcc.a(_exit.o)
 .text.libgcc.mul
                0x00000b3c        0x0 c:/avr/bin/../lib/gcc/avr/12.1.0/avr5\libgcc.a(_copy_data.o)
 .text.libgcc.div
                0x00000b3c        0x0 c:/avr/bin/../lib/gcc/avr/12.1.0/avr5\libgcc.a(_copy_data.o)
 .text.libgcc   0x00000b3c        0x0 c:/avr/bin/../lib/gcc/avr/12.1.0/avr5\libgcc.a(_copy_data.o)
 .text.libgcc.prologue
                0x00000b3c        0x0 c:/avr/bin/../lib/gcc/avr/12.1.0/avr5\libgcc.a(_copy_data.o)
 .text.libgcc.builtins
                0x00000b3c        0x0 c:/avr/bin/../lib/gcc/avr/12.1.0/avr5\libgcc.a(_copy_data.o)
 .text.libgcc.fmul
                0x00000b3c        0x0 c:/avr/bin/../lib/gcc/avr/12.1.0/avr5\libgcc.a(_copy_data.o)
 .text.libgcc.fixed
                0x00000b3c        0x0 c:/avr/bin/../lib/gcc/avr/12.1.0/avr5\libgcc.a(_copy_data.o)
 .text.libgcc.mul
                0x00000b3c        0x0 c:/avr/bin/../lib/gcc/avr/12.1.0/avr5\libgcc.a(_clear_bss.o)
 .text.libgcc.div
                0x00000b3c        0x0 c:/avr/bin/../lib/gcc/avr/12.1.0/avr5\libgcc.a(_clear_bss.o)
 .text.libgcc   0x00000b3c        0x0 c:/avr/bin/../lib/gcc/avr/12.1.0/avr5\libgcc.a(_clear_bss.o)
 .text.libgcc.prologue
                0x00000b3c        0x0 c:/avr/bin/../lib/gcc/avr/12.1.0/avr5\libgcc.a(_clear_bss.o)
 .text.libgcc.builtins
                0x00000b3c        0x0 c:/avr/bin/../lib/gcc/avr/12.1.0/avr5\libgcc.a(_clear_bss.o)
 .text.libgcc.fmul
                0x00000b3c        0x0 c:/avr/bin/../lib/gcc/avr/12.1.0/avr5\libgcc.a(_clear_bss.o)
 .text.libgcc.fixed
                0x00000b3c        0x0 c:/avr/bin/../lib/gcc/avr/12.1.0/avr5\libgcc.a(_clear_bss.o)
 .text.avr-libc.fplib
                0x00000b3c        0x8 c:/avr/bin/../lib/gcc/avr/12.1.0/../../../../avr/lib/avr5\libm.a(divsf3.o)
                0x00000b3c                __divsf3
 .text.avr-libc.fplib
                0x00000b44       0xdc c:/avr/bin/../lib/gcc/avr/12.1.0/../../../../avr/lib/avr5\libm.a(divsf3x.o)
                0x00000b64                __divsf3x
                0x00000b6a                __divsf3_pse
 .text.avr-libc.fplib
                0x00000c20       0x5e c:/avr/bin/../lib/gcc/avr/12.1.0/../../../../avr/lib/avr5\libm.a(fixunssfsi.o)
                0x00000c20                __fixunssfsi
 .text.avr-libc.fplib
                0x00000c7e       0x7a c:/avr/bin/../lib/gcc/avr/12.1.0/../../../../avr/lib/avr5\libm.a(floatsisf.o)
                0x00000c7e                __floatunsisf
                0x00000c82                __floatsisf
 .text.avr-libc.fplib
                0x00000cf8        0xc c:/avr/bin/../lib/gcc/avr/12.1.0/../../../../avr/lib/avr5\libm.a(fp_inf.o)
                0x00000cf8                __fp_inf
 .text.avr-libc.fplib
                0x00000d04        0x6 c:/avr/bin/../lib/gcc/avr/12.1.0/../../../../avr/lib/avr5\libm.a(fp_nan.o)
                0x00000d04                __fp_nan
 .text.avr-libc.fplib
                0x00000d0a        0xe c:/avr/bin/../lib/gcc/avr/12.1.0/../../../../avr/lib/avr5\libm.a(fp_pscA.o)
                0x00000d0a                __fp_pscA
 .text.avr-libc.fplib
                0x00000d18        0xe c:/avr/bin/../lib/gcc/avr/12.1.0/../../../../avr/lib/avr5\libm.a(fp_pscB.o)
                0x00000d18                __fp_pscB
 .text.avr-libc.fplib
                0x00000d26       0x22 c:/avr/bin/../lib/gcc/avr/12.1.0/../../../../avr/lib/avr5\libm.a(fp_round.o)
                0x00000d26                __fp_round
 .text.avr-libc.fplib
                0x00000d48       0x44 c:/avr/bin/../lib/gcc/avr/12.1.0/../../../../avr/lib/avr5\libm.a(fp_split3.o)
                0x00000d48                __fp_split3
                0x00000d58                __fp_splitA
 .text.avr-libc.fplib
                0x00000d8c        0xe c:/avr/bin/../lib/gcc/avr/12.1.0/../../../../avr/lib/avr5\libm.a(fp_zero.o)
                0x00000d8c                __fp_zero
                0x00000d8e                __fp_szero
 .text.avr-libc.fplib
                0x00000d9a        0x8 c:/avr/bin/../lib/gcc/avr/12.1.0/../../../../avr/lib/avr5\libm.a(mulsf3.o)
                0x00000d9a                __mulsf3
 .text.avr-libc.fplib
                0x00000da2       0xd2 c:/avr/bin/../lib/gcc/avr/12.1.0/../../../../avr/lib/avr5\libm.a(mulsf3x.o)
                0x00000dc0                __mulsf3x
                0x00000dc6                __mulsf3_pse
 .text.avr-libc
                0x00000e74       0xe6 c:/avr/bin/../lib/gcc/avr/12.1.0/../../../../avr/lib/avr5\libc.a(rand.o)
                0x00000f34                rand_r
                0x00000f3a                rand
                0x00000f44                srand
 .text.libgcc.mul
                0x00000f5a        0x0 c:/avr/bin/../lib/gcc/avr/12.1.0/avr5\libgcc.a(_divmodsi4.o)
 .text.libgcc.div
                0x00000f5a       0x2e c:/avr/bin/../lib/gcc/avr/12.1.0/avr5\libgcc.a(_divmodsi4.o)
                0x00000f5a                __divmodsi4
 .text.libgcc   0x00000f88        0x0 c:/avr/bin/../lib/gcc/avr/12.1.0/avr5\libgcc.a(_divmodsi4.o)
 .text.libgcc.prologue
                0x00000f88        0x0 c:/avr/bin/../lib/gcc/avr/12.1.0/avr5\libgcc.a(_divmodsi4.o)
 .text.libgcc.builtins
                0x00000f88        0x0 c:/avr/bin/../lib/gcc/avr/12.1.0/avr5\libgcc.a(_divmodsi4.o)
 .text.libgcc.fmul
                0x00000f88        0x0 c:/avr/bin/../lib/gcc/avr/12.1.0/avr5\libgcc.a(_divmodsi4.o)
 .text.libgcc.fixed
                0x00000f88        0x0 c:/avr/bin/../lib/gcc/avr/12.1.0/avr5\libgcc.a(_divmodsi4.o)
 .text.libgcc.mul
                0x00000f88        0x0 c:/avr/bin/../lib/gcc/avr/12.1.0/avr5\libgcc.a(_negsi2.o)
 .text.libgcc.div
                0x00000f88       0x10 c:/avr/bin/../lib/gcc/avr/12.1.0/avr5\libgcc.a(_negsi2.o)
                0x00000f88                __negsi2
 .text.libgcc   0x00000f98        0x0 c:/avr/bin/../lib/gcc/avr/12.1.0/avr5\libgcc.a(_negsi2.o)
 .text.libgcc.prologue
                0x00000f98        0x0 c:/avr/bin/../lib/gcc/avr/12.1.0/avr5\libgcc.a(_negsi2.o)
 .text.libgcc.builtins
                0x00000f98        0x0 c:/avr/bin/../lib/gcc/avr/12.1.0/avr5\libgcc.a(_negsi2.o)
 .text.libgcc.fmul
                0x00000f98        0x0 c:/avr/bin/../lib/gcc/avr/12.1.0/avr5\libgcc.a(_negsi2.o)
 .text.libgcc.fixed
                0x00000f98        0x0 c:/avr/bin/../lib/gcc/avr/12.1.0/avr5\libgcc.a(_negsi2.o)
 .text.libgcc.mul
                0x00000f98       0x16 c:/avr/bin/../lib/gcc/avr/12.1.0/avr5\libgcc.a(_muluhisi3.o)
                0x00000f98                __muluhisi3
 .text.libgcc.div
                0x00000fae        0x0 c:/avr/bin/../lib/gcc/avr/12.1.0/avr5\libgcc.a(_muluhisi3.o)
 .text.libgcc   0x00000fae        0x0 c:/avr/bin/../lib/gcc/avr/12.1.0/avr5\libgcc.a(_muluhisi3.o)
 .text.libgcc.prologue
                0x00000fae        0x0 c:/avr/bin/../lib/gcc/avr/12.1.0/avr5\libgcc.a(_muluhisi3.o)
 .text.libgcc.builtins
                0x00000fae        0x0 c:/avr/bin/../lib/gcc/avr/12.1.0/avr5\libgcc.a(_muluhisi3.o)
 .text.libgcc.fmul
                0x00000fae        0x0 c:/avr/bin/../lib/gcc/avr/12.1.0/avr5\libgcc.a(_muluhisi3.o)
 .text.libgcc.fixed
                0x00000fae        0x0 c:/avr/bin/../lib/gcc/avr/12.1.0/avr5\libgcc.a(_muluhisi3.o)
 .text.libgcc.mul
                0x00000fae       0x10 c:/avr/bin/../lib/gcc/avr/12.1.0/avr5\libgcc.a(_mulshisi3.o)
                0x00000fae                __mulshisi3
                0x00000fb4                __mulohisi3
 .text.libgcc.div
                0x00000fbe        0x0 c:/avr/bin/../lib/gcc/avr/12.1.0/avr5\libgcc.a(_mulshisi3.o)
 .text.libgcc   0x00000fbe        0x0 c:/avr/bin/../lib/gcc/avr/12.1.0/avr5\libgcc.a(_mulshisi3.o)
 .text.libgcc.prologue
                0x00000fbe        0x0 c:/avr/bin/../lib/gcc/avr/12.1.0/avr5\libgcc.a(_mulshisi3.o)
 .text.libgcc.builtins
                0x00000fbe        0x0 c:/avr/bin/../lib/gcc/avr/12.1.0/avr5\libgcc.a(_mulshisi3.o)
 .text.libgcc.fmul
                0x00000fbe        0x0 c:/avr/bin/../lib/gcc/avr/12.1.0/avr5\libgcc.a(_mulshisi3.o)
 .text.libgcc.fixed
                0x00000fbe        0x0 c:/avr/bin/../lib/gcc/avr/12.1.0/avr5\libgcc.a(_mulshisi3.o)
 .text.libgcc.mul
                0x00000fbe        0x0 c:/avr/bin/../lib/gcc/avr/12.1.0/avr5\libgcc.a(_prologue.o)
 .text.libgcc.div
                0x00000fbe        0x0 c:/avr/bin/../lib/gcc/avr/12.1.0/avr5\libgcc.a(_prologue.o)
 .text.libgcc   0x00000fbe        0x0 c:/avr/bin/../lib/gcc/avr/12.1.0/avr5\libgcc.a(_prologue.o)
 .text.libgcc.prologue
                0x00000fbe       0x38 c:/avr/bin/../lib/gcc/avr/12.1.0/avr5\libgcc.a(_prologue.o)
                0x00000fbe                __prologue_saves__
 .text.libgcc.builtins
                0x00000ff6        0x0 c:/avr/bin/../lib/gcc/avr/12.1.0/avr5\libgcc.a(_prologue.o)
 .text.libgcc.fmul
                0x00000ff6        0x0 c:/avr/bin/../lib/gcc/avr/12.1.0/avr5\libgcc.a(_prologue.o)
 .text.libgcc.fixed
                0x00000ff6        0x0 c:/avr/bin/../lib/gcc/avr/12.1.0/avr5\libgcc.a(_prologue.o)
 .text.libgcc.mul
                0x00000ff6        0x0 c:/avr/bin/../lib/gcc/avr/12.1.0/avr5\libgcc.a(_epilogue.o)
 .text.libgcc.div
                0x00000ff6        0x0 c:/avr/bin/../lib/gcc/avr/12.1.0/avr5\libgcc.a(_epilogue.o)
 .text.libgcc   0x00000ff6        0x0 c:/avr/bin/../lib/gcc/avr/12.1.0/avr5\libgcc.a(_epilogue.o)
 .text.libgcc.prologue
                0x00000ff6       0x36 c:/avr/bin/../lib/gcc/avr/12.1.0/avr5\libgcc.a(_epilogue.o)
                0x00000ff6                __epilogue_restores__
 .text.libgcc.builtins
                0x0000102c        0x0 c:/avr/bin/../lib/gcc/avr/12.1.0/avr5\libgcc.a(_epilogue.o)
 .text.libgcc.fmul
                0x0000102c        0x0 c:/avr/bin/../lib/gcc/avr/12.1.0/avr5\libgcc.a(_epilogue.o)
 .text.libgcc.fixed
                0x0000102c        0x0 c:/avr/bin/../lib/gcc/avr/12.1.0/avr5\libgcc.a(_epilogue.o)
 .text.libgcc.mul
                0x0000102c        0x0 c:/avr/bin/../lib/gcc/avr/12.1.0/avr5\libgcc.a(_udivmodsi4.o)
 .text.libgcc.div
                0x0000102c       0x44 c:/avr/bin/../lib/gcc/avr/12.1.0/avr5\libgcc.a(_udivmodsi4.o)
                0x0000102c                __udivmodsi4
 .text.libgcc   0x00001070        0x0 c:/avr/bin/../lib/gcc/avr/12.1.0/avr5\libgcc.a(_udivmodsi4.o)
 .text.libgcc.prologue
                0x00001070        0x0 c:/avr/bin/../lib/gcc/avr/12.1.0/avr5\libgcc.a(_udivmodsi4.o)
 .text.libgcc.builtins
                0x00001070        0x0 c:/avr/bin/../lib/gcc/avr/12.1.0/avr5\libgcc.a(_udivmodsi4.o)
 .text.libgcc.fmul
                0x00001070        0x0 c:/avr/bin/../lib/gcc/avr/12.1.0/avr5\libgcc.a(_udivmodsi4.o)
 .text.libgcc.fixed
                0x00001070        0x0 c:/avr/bin/../lib/gcc/avr/12.1.0/avr5\libgcc.a(_udivmodsi4.o)
 .text.libgcc.mul
                0x00001070       0x1e c:/avr/bin/../lib/gcc/avr/12.1.0/avr5\libgcc.a(_umulhisi3.o)
                0x00001070                __umulhisi3
 .text.libgcc.div
                0x0000108e        0x0 c:/avr/bin/../lib/gcc/avr/12.1.0/avr5\libgcc.a(_umulhisi3.o)
 .text.libgcc   0x0000108e        0x0 c:/avr/bin/../lib/gcc/avr/12.1.0/avr5\libgcc.a(_umulhisi3.o)
 .text.libgcc.prologue
                0x0000108e        0x0 c:/avr/bin/../lib/gcc/avr/12.1.0/avr5\libgcc.a(_umulhisi3.o)
 .text.libgcc.builtins
                0x0000108e        0x0 c:/avr/bin/../lib/gcc/avr/12.1.0/avr5\libgcc.a(_umulhisi3.o)
 .text.libgcc.fmul
                0x0000108e        0x0 c:/avr/bin/../lib/gcc/avr/12.1.0/avr5\libgcc.a(_umulhisi3.o)
 .text.libgcc.fixed
                0x0000108e        0x0 c:/avr/bin/../lib/gcc/avr/12.1.0/avr5\libgcc.a(_umulhisi3.o)
                0x0000108e                . = ALIGN (0x2)
 *(.fini9)
 .fini9         0x0000108e        0x0 c:/avr/bin/../lib/gcc/avr/12.1.0/avr5\libgcc.a(_exit.o)
                0x0000108e                _exit
                0x0000108e                exit
 *(.fini9)
 *(.fini8)
 *(.fini8)
 *(.fini7)
 *(.fini7)
 *(.fini6)
 *(.fini6)
 *(.fini5)
 *(.fini5)
 *(.fini4)
 *(.fini4)
 *(.fini3)
 *(.fini3)
 *(.fini2)
 *(.fini2)
 *(.fini1)
 *(.fini1)
 *(.fini0)
 .fini0         0x0000108e        0x4 c:/avr/bin/../lib/gcc/avr/12.1.0/avr5\libgcc.a(_exit.o)
 *(.fini0)
 *(.hightext)
 *(.hightext*)
 *(.progmemx.*)
                0x00001092                . = ALIGN (0x2)
 *(.jumptables)
 *(.jumptables*)
                0x00001092                _etext = .

.data           0x00800100       0x28 load address 0x00001092
                0x00800100                PROVIDE (__data_start = .)
 *(.data)
 .data          0x00800100        0x0 c:/avr/bin/../lib/gcc/avr/12.1.0/../../../../avr/lib/avr5/crtatmega328p.o
 .data          0x00800100        0x1 bin/debug/main.o
                0x00800100                key
 .data          0x00800101        0x0 bin/debug/analogRead.o
 .data          0x00800101        0x0 bin/debug/millis.o
 .data          0x00800101       0x1c bin/debug/uart.o
                0x00800101                uart_input
                0x0080010f                uart_output
 .data          0x0080011d        0x0 bin/debug/spi3.o
 .data          0x0080011d        0x0 c:/avr/bin/../lib/gcc/avr/12.1.0/avr5\libgcc.a(_exit.o)
 .data          0x0080011d        0x0 c:/avr/bin/../lib/gcc/avr/12.1.0/avr5\libgcc.a(_copy_data.o)
 .data          0x0080011d        0x0 c:/avr/bin/../lib/gcc/avr/12.1.0/avr5\libgcc.a(_clear_bss.o)
 .data          0x0080011d        0x0 c:/avr/bin/../lib/gcc/avr/12.1.0/../../../../avr/lib/avr5\libm.a(divsf3.o)
 .data          0x0080011d        0x0 c:/avr/bin/../lib/gcc/avr/12.1.0/../../../../avr/lib/avr5\libm.a(divsf3x.o)
 .data          0x0080011d        0x0 c:/avr/bin/../lib/gcc/avr/12.1.0/../../../../avr/lib/avr5\libm.a(fixunssfsi.o)
 .data          0x0080011d        0x0 c:/avr/bin/../lib/gcc/avr/12.1.0/../../../../avr/lib/avr5\libm.a(floatsisf.o)
 .data          0x0080011d        0x0 c:/avr/bin/../lib/gcc/avr/12.1.0/../../../../avr/lib/avr5\libm.a(fp_inf.o)
 .data          0x0080011d        0x0 c:/avr/bin/../lib/gcc/avr/12.1.0/../../../../avr/lib/avr5\libm.a(fp_nan.o)
 .data          0x0080011d        0x0 c:/avr/bin/../lib/gcc/avr/12.1.0/../../../../avr/lib/avr5\libm.a(fp_pscA.o)
 .data          0x0080011d        0x0 c:/avr/bin/../lib/gcc/avr/12.1.0/../../../../avr/lib/avr5\libm.a(fp_pscB.o)
 .data          0x0080011d        0x0 c:/avr/bin/../lib/gcc/avr/12.1.0/../../../../avr/lib/avr5\libm.a(fp_round.o)
 .data          0x0080011d        0x0 c:/avr/bin/../lib/gcc/avr/12.1.0/../../../../avr/lib/avr5\libm.a(fp_split3.o)
 .data          0x0080011d        0x0 c:/avr/bin/../lib/gcc/avr/12.1.0/../../../../avr/lib/avr5\libm.a(fp_zero.o)
 .data          0x0080011d        0x0 c:/avr/bin/../lib/gcc/avr/12.1.0/../../../../avr/lib/avr5\libm.a(mulsf3.o)
 .data          0x0080011d        0x0 c:/avr/bin/../lib/gcc/avr/12.1.0/../../../../avr/lib/avr5\libm.a(mulsf3x.o)
 .data          0x0080011d        0x4 c:/avr/bin/../lib/gcc/avr/12.1.0/../../../../avr/lib/avr5\libc.a(rand.o)
 .data          0x00800121        0x0 c:/avr/bin/../lib/gcc/avr/12.1.0/../../../../avr/lib/avr5\libc.a(iob.o)
 .data          0x00800121        0x0 c:/avr/bin/../lib/gcc/avr/12.1.0/../../../../avr/lib/avr5\libc.a(time.o)
 .data          0x00800121        0x0 c:/avr/bin/../lib/gcc/avr/12.1.0/../../../../avr/lib/avr5\libc.a(system_time.o)
 .data          0x00800121        0x0 c:/avr/bin/../lib/gcc/avr/12.1.0/avr5\libgcc.a(_divmodsi4.o)
 .data          0x00800121        0x0 c:/avr/bin/../lib/gcc/avr/12.1.0/avr5\libgcc.a(_negsi2.o)
 .data          0x00800121        0x0 c:/avr/bin/../lib/gcc/avr/12.1.0/avr5\libgcc.a(_muluhisi3.o)
 .data          0x00800121        0x0 c:/avr/bin/../lib/gcc/avr/12.1.0/avr5\libgcc.a(_mulshisi3.o)
 .data          0x00800121        0x0 c:/avr/bin/../lib/gcc/avr/12.1.0/avr5\libgcc.a(_prologue.o)
 .data          0x00800121        0x0 c:/avr/bin/../lib/gcc/avr/12.1.0/avr5\libgcc.a(_epilogue.o)
 .data          0x00800121        0x0 c:/avr/bin/../lib/gcc/avr/12.1.0/avr5\libgcc.a(_udivmodsi4.o)
 .data          0x00800121        0x0 c:/avr/bin/../lib/gcc/avr/12.1.0/avr5\libgcc.a(_umulhisi3.o)
 *(.data*)
 *(.gnu.linkonce.d*)
 *(.rodata)
 .rodata        0x00800121        0x6 bin/debug/main.o
                0x00800121                TRIANGLE
                0x00800123                SQUARE
                0x00800125                SINE
 *(.rodata*)
 *(.gnu.linkonce.r*)
                0x00800128                . = ALIGN (0x2)
 *fill*         0x00800127        0x1 
                0x00800128                _edata = .
                0x00800128                PROVIDE (__data_end = .)

.bss            0x00800128       0x2a
                0x00800128                PROVIDE (__bss_start = .)
 *(.bss)
 .bss           0x00800128        0x0 c:/avr/bin/../lib/gcc/avr/12.1.0/../../../../avr/lib/avr5/crtatmega328p.o
 .bss           0x00800128       0x1c bin/debug/main.o
                0x00800128                chordArray
 .bss           0x00800144        0x0 bin/debug/analogRead.o
 .bss           0x00800144        0x4 bin/debug/millis.o
 .bss           0x00800148        0x0 bin/debug/uart.o
 .bss           0x00800148        0x0 bin/debug/spi3.o
 .bss           0x00800148        0x0 c:/avr/bin/../lib/gcc/avr/12.1.0/avr5\libgcc.a(_exit.o)
 .bss           0x00800148        0x0 c:/avr/bin/../lib/gcc/avr/12.1.0/avr5\libgcc.a(_copy_data.o)
 .bss           0x00800148        0x0 c:/avr/bin/../lib/gcc/avr/12.1.0/avr5\libgcc.a(_clear_bss.o)
 .bss           0x00800148        0x0 c:/avr/bin/../lib/gcc/avr/12.1.0/../../../../avr/lib/avr5\libm.a(divsf3.o)
 .bss           0x00800148        0x0 c:/avr/bin/../lib/gcc/avr/12.1.0/../../../../avr/lib/avr5\libm.a(divsf3x.o)
 .bss           0x00800148        0x0 c:/avr/bin/../lib/gcc/avr/12.1.0/../../../../avr/lib/avr5\libm.a(fixunssfsi.o)
 .bss           0x00800148        0x0 c:/avr/bin/../lib/gcc/avr/12.1.0/../../../../avr/lib/avr5\libm.a(floatsisf.o)
 .bss           0x00800148        0x0 c:/avr/bin/../lib/gcc/avr/12.1.0/../../../../avr/lib/avr5\libm.a(fp_inf.o)
 .bss           0x00800148        0x0 c:/avr/bin/../lib/gcc/avr/12.1.0/../../../../avr/lib/avr5\libm.a(fp_nan.o)
 .bss           0x00800148        0x0 c:/avr/bin/../lib/gcc/avr/12.1.0/../../../../avr/lib/avr5\libm.a(fp_pscA.o)
 .bss           0x00800148        0x0 c:/avr/bin/../lib/gcc/avr/12.1.0/../../../../avr/lib/avr5\libm.a(fp_pscB.o)
 .bss           0x00800148        0x0 c:/avr/bin/../lib/gcc/avr/12.1.0/../../../../avr/lib/avr5\libm.a(fp_round.o)
 .bss           0x00800148        0x0 c:/avr/bin/../lib/gcc/avr/12.1.0/../../../../avr/lib/avr5\libm.a(fp_split3.o)
 .bss           0x00800148        0x0 c:/avr/bin/../lib/gcc/avr/12.1.0/../../../../avr/lib/avr5\libm.a(fp_zero.o)
 .bss           0x00800148        0x0 c:/avr/bin/../lib/gcc/avr/12.1.0/../../../../avr/lib/avr5\libm.a(mulsf3.o)
 .bss           0x00800148        0x0 c:/avr/bin/../lib/gcc/avr/12.1.0/../../../../avr/lib/avr5\libm.a(mulsf3x.o)
 .bss           0x00800148        0x0 c:/avr/bin/../lib/gcc/avr/12.1.0/../../../../avr/lib/avr5\libc.a(rand.o)
 .bss           0x00800148        0x6 c:/avr/bin/../lib/gcc/avr/12.1.0/../../../../avr/lib/avr5\libc.a(iob.o)
                0x00800148                __iob
 .bss           0x0080014e        0x0 c:/avr/bin/../lib/gcc/avr/12.1.0/../../../../avr/lib/avr5\libc.a(time.o)
 .bss           0x0080014e        0x4 c:/avr/bin/../lib/gcc/avr/12.1.0/../../../../avr/lib/avr5\libc.a(system_time.o)
                0x0080014e                __system_time
 .bss           0x00800152        0x0 c:/avr/bin/../lib/gcc/avr/12.1.0/avr5\libgcc.a(_divmodsi4.o)
 .bss           0x00800152        0x0 c:/avr/bin/../lib/gcc/avr/12.1.0/avr5\libgcc.a(_negsi2.o)
 .bss           0x00800152        0x0 c:/avr/bin/../lib/gcc/avr/12.1.0/avr5\libgcc.a(_muluhisi3.o)
 .bss           0x00800152        0x0 c:/avr/bin/../lib/gcc/avr/12.1.0/avr5\libgcc.a(_mulshisi3.o)
 .bss           0x00800152        0x0 c:/avr/bin/../lib/gcc/avr/12.1.0/avr5\libgcc.a(_prologue.o)
 .bss           0x00800152        0x0 c:/avr/bin/../lib/gcc/avr/12.1.0/avr5\libgcc.a(_epilogue.o)
 .bss           0x00800152        0x0 c:/avr/bin/../lib/gcc/avr/12.1.0/avr5\libgcc.a(_udivmodsi4.o)
 .bss           0x00800152        0x0 c:/avr/bin/../lib/gcc/avr/12.1.0/avr5\libgcc.a(_umulhisi3.o)
 *(.bss*)
 *(COMMON)
                0x00800152                PROVIDE (__bss_end = .)
                0x00001092                __data_load_start = LOADADDR (.data)
                0x000010ba                __data_load_end = (__data_load_start + SIZEOF (.data))

.noinit         0x00800152        0x0
                [!provide]                PROVIDE (__noinit_start = .)
 *(.noinit .noinit.* .gnu.linkonce.n.*)
                [!provide]                PROVIDE (__noinit_end = .)
                0x00800152                _end = .
                [!provide]                PROVIDE (__heap_start = .)

.eeprom         0x00810000        0x0
 *(.eeprom*)
                0x00810000                __eeprom_end = .

.fuse
 *(.fuse)
 *(.lfuse)
 *(.hfuse)
 *(.efuse)

.lock
 *(.lock*)

.signature
 *(.signature*)

.stab
 *(.stab)

.stabstr
 *(.stabstr)

.stab.excl
 *(.stab.excl)

.stab.exclstr
 *(.stab.exclstr)

.stab.index
 *(.stab.index)

.stab.indexstr
 *(.stab.indexstr)

.comment        0x00000000       0x12
 *(.comment)
 .comment       0x00000000       0x12 bin/debug/main.o
                                 0x13 (size before relaxing)
 .comment       0x00000012       0x13 bin/debug/analogRead.o
 .comment       0x00000012       0x13 bin/debug/millis.o
 .comment       0x00000012       0x13 bin/debug/uart.o
 .comment       0x00000012       0x13 bin/debug/spi3.o
 .comment       0x00000012       0x13 c:/avr/bin/../lib/gcc/avr/12.1.0/../../../../avr/lib/avr5\libc.a(rand.o)
 .comment       0x00000012       0x13 c:/avr/bin/../lib/gcc/avr/12.1.0/../../../../avr/lib/avr5\libc.a(iob.o)
 .comment       0x00000012       0x13 c:/avr/bin/../lib/gcc/avr/12.1.0/../../../../avr/lib/avr5\libc.a(time.o)
 .comment       0x00000012       0x13 c:/avr/bin/../lib/gcc/avr/12.1.0/../../../../avr/lib/avr5\libc.a(system_time.o)

.note.gnu.avr.deviceinfo
                0x00000000       0x40
 .note.gnu.avr.deviceinfo
                0x00000000       0x40 c:/avr/bin/../lib/gcc/avr/12.1.0/../../../../avr/lib/avr5/crtatmega328p.o

.note.gnu.build-id
 *(.note.gnu.build-id)

.debug
 *(.debug)

.line
 *(.line)

.debug_srcinfo
 *(.debug_srcinfo)

.debug_sfnames
 *(.debug_sfnames)

.debug_aranges  0x00000000      0x160
 *(.debug_aranges)
 .debug_aranges
                0x00000000       0x20 c:/avr/bin/../lib/gcc/avr/12.1.0/avr5\libgcc.a(_exit.o)
 .debug_aranges
                0x00000020       0x20 c:/avr/bin/../lib/gcc/avr/12.1.0/avr5\libgcc.a(_copy_data.o)
 .debug_aranges
                0x00000040       0x20 c:/avr/bin/../lib/gcc/avr/12.1.0/avr5\libgcc.a(_clear_bss.o)
 .debug_aranges
                0x00000060       0x20 c:/avr/bin/../lib/gcc/avr/12.1.0/avr5\libgcc.a(_divmodsi4.o)
 .debug_aranges
                0x00000080       0x20 c:/avr/bin/../lib/gcc/avr/12.1.0/avr5\libgcc.a(_negsi2.o)
 .debug_aranges
                0x000000a0       0x20 c:/avr/bin/../lib/gcc/avr/12.1.0/avr5\libgcc.a(_muluhisi3.o)
 .debug_aranges
                0x000000c0       0x20 c:/avr/bin/../lib/gcc/avr/12.1.0/avr5\libgcc.a(_mulshisi3.o)
 .debug_aranges
                0x000000e0       0x20 c:/avr/bin/../lib/gcc/avr/12.1.0/avr5\libgcc.a(_prologue.o)
 .debug_aranges
                0x00000100       0x20 c:/avr/bin/../lib/gcc/avr/12.1.0/avr5\libgcc.a(_epilogue.o)
 .debug_aranges
                0x00000120       0x20 c:/avr/bin/../lib/gcc/avr/12.1.0/avr5\libgcc.a(_udivmodsi4.o)
 .debug_aranges
                0x00000140       0x20 c:/avr/bin/../lib/gcc/avr/12.1.0/avr5\libgcc.a(_umulhisi3.o)

.debug_pubnames
 *(.debug_pubnames)

.debug_info     0x00000000      0x780
 *(.debug_info .gnu.linkonce.wi.*)
 .debug_info    0x00000000      0x5f4 c:/avr/bin/../lib/gcc/avr/12.1.0/../../../../avr/lib/avr5/crtatmega328p.o
 .debug_info    0x000005f4       0x24 c:/avr/bin/../lib/gcc/avr/12.1.0/avr5\libgcc.a(_exit.o)
 .debug_info    0x00000618       0x24 c:/avr/bin/../lib/gcc/avr/12.1.0/avr5\libgcc.a(_copy_data.o)
 .debug_info    0x0000063c       0x24 c:/avr/bin/../lib/gcc/avr/12.1.0/avr5\libgcc.a(_clear_bss.o)
 .debug_info    0x00000660       0x24 c:/avr/bin/../lib/gcc/avr/12.1.0/avr5\libgcc.a(_divmodsi4.o)
 .debug_info    0x00000684       0x24 c:/avr/bin/../lib/gcc/avr/12.1.0/avr5\libgcc.a(_negsi2.o)
 .debug_info    0x000006a8       0x24 c:/avr/bin/../lib/gcc/avr/12.1.0/avr5\libgcc.a(_muluhisi3.o)
 .debug_info    0x000006cc       0x24 c:/avr/bin/../lib/gcc/avr/12.1.0/avr5\libgcc.a(_mulshisi3.o)
 .debug_info    0x000006f0       0x24 c:/avr/bin/../lib/gcc/avr/12.1.0/avr5\libgcc.a(_prologue.o)
 .debug_info    0x00000714       0x24 c:/avr/bin/../lib/gcc/avr/12.1.0/avr5\libgcc.a(_epilogue.o)
 .debug_info    0x00000738       0x24 c:/avr/bin/../lib/gcc/avr/12.1.0/avr5\libgcc.a(_udivmodsi4.o)
 .debug_info    0x0000075c       0x24 c:/avr/bin/../lib/gcc/avr/12.1.0/avr5\libgcc.a(_umulhisi3.o)

.debug_abbrev   0x00000000      0x67e
 *(.debug_abbrev)
 .debug_abbrev  0x00000000      0x5a2 c:/avr/bin/../lib/gcc/avr/12.1.0/../../../../avr/lib/avr5/crtatmega328p.o
 .debug_abbrev  0x000005a2       0x14 c:/avr/bin/../lib/gcc/avr/12.1.0/avr5\libgcc.a(_exit.o)
 .debug_abbrev  0x000005b6       0x14 c:/avr/bin/../lib/gcc/avr/12.1.0/avr5\libgcc.a(_copy_data.o)
 .debug_abbrev  0x000005ca       0x14 c:/avr/bin/../lib/gcc/avr/12.1.0/avr5\libgcc.a(_clear_bss.o)
 .debug_abbrev  0x000005de       0x14 c:/avr/bin/../lib/gcc/avr/12.1.0/avr5\libgcc.a(_divmodsi4.o)
 .debug_abbrev  0x000005f2       0x14 c:/avr/bin/../lib/gcc/avr/12.1.0/avr5\libgcc.a(_negsi2.o)
 .debug_abbrev  0x00000606       0x14 c:/avr/bin/../lib/gcc/avr/12.1.0/avr5\libgcc.a(_muluhisi3.o)
 .debug_abbrev  0x0000061a       0x14 c:/avr/bin/../lib/gcc/avr/12.1.0/avr5\libgcc.a(_mulshisi3.o)
 .debug_abbrev  0x0000062e       0x14 c:/avr/bin/../lib/gcc/avr/12.1.0/avr5\libgcc.a(_prologue.o)
 .debug_abbrev  0x00000642       0x14 c:/avr/bin/../lib/gcc/avr/12.1.0/avr5\libgcc.a(_epilogue.o)
 .debug_abbrev  0x00000656       0x14 c:/avr/bin/../lib/gcc/avr/12.1.0/avr5\libgcc.a(_udivmodsi4.o)
 .debug_abbrev  0x0000066a       0x14 c:/avr/bin/../lib/gcc/avr/12.1.0/avr5\libgcc.a(_umulhisi3.o)

.debug_line     0x00000000      0x6e6
 *(.debug_line .debug_line.* .debug_line_end)
 .debug_line    0x00000000       0x1d c:/avr/bin/../lib/gcc/avr/12.1.0/../../../../avr/lib/avr5/crtatmega328p.o
 .debug_line    0x0000001d       0x51 c:/avr/bin/../lib/gcc/avr/12.1.0/avr5\libgcc.a(_exit.o)
 .debug_line    0x0000006e       0x87 c:/avr/bin/../lib/gcc/avr/12.1.0/avr5\libgcc.a(_copy_data.o)
 .debug_line    0x000000f5       0x75 c:/avr/bin/../lib/gcc/avr/12.1.0/avr5\libgcc.a(_clear_bss.o)
 .debug_line    0x0000016a       0xbd c:/avr/bin/../lib/gcc/avr/12.1.0/avr5\libgcc.a(_divmodsi4.o)
 .debug_line    0x00000227       0x51 c:/avr/bin/../lib/gcc/avr/12.1.0/avr5\libgcc.a(_negsi2.o)
 .debug_line    0x00000278       0x81 c:/avr/bin/../lib/gcc/avr/12.1.0/avr5\libgcc.a(_muluhisi3.o)
 .debug_line    0x000002f9       0x69 c:/avr/bin/../lib/gcc/avr/12.1.0/avr5\libgcc.a(_mulshisi3.o)
 .debug_line    0x00000362       0xed c:/avr/bin/../lib/gcc/avr/12.1.0/avr5\libgcc.a(_prologue.o)
 .debug_line    0x0000044f       0xe7 c:/avr/bin/../lib/gcc/avr/12.1.0/avr5\libgcc.a(_epilogue.o)
 .debug_line    0x00000536      0x111 c:/avr/bin/../lib/gcc/avr/12.1.0/avr5\libgcc.a(_udivmodsi4.o)
 .debug_line    0x00000647       0x9f c:/avr/bin/../lib/gcc/avr/12.1.0/avr5\libgcc.a(_umulhisi3.o)

.debug_frame
 *(.debug_frame)

.debug_str      0x00000000      0x26a
 *(.debug_str)
 .debug_str     0x00000000      0x20b c:/avr/bin/../lib/gcc/avr/12.1.0/../../../../avr/lib/avr5/crtatmega328p.o
 .debug_str     0x0000020b       0x5f c:/avr/bin/../lib/gcc/avr/12.1.0/avr5\libgcc.a(_exit.o)
 .debug_str     0x0000026a       0x5f c:/avr/bin/../lib/gcc/avr/12.1.0/avr5\libgcc.a(_copy_data.o)
 .debug_str     0x0000026a       0x5f c:/avr/bin/../lib/gcc/avr/12.1.0/avr5\libgcc.a(_clear_bss.o)
 .debug_str     0x0000026a       0x5f c:/avr/bin/../lib/gcc/avr/12.1.0/avr5\libgcc.a(_divmodsi4.o)
 .debug_str     0x0000026a       0x5f c:/avr/bin/../lib/gcc/avr/12.1.0/avr5\libgcc.a(_negsi2.o)
 .debug_str     0x0000026a       0x5f c:/avr/bin/../lib/gcc/avr/12.1.0/avr5\libgcc.a(_muluhisi3.o)
 .debug_str     0x0000026a       0x5f c:/avr/bin/../lib/gcc/avr/12.1.0/avr5\libgcc.a(_mulshisi3.o)
 .debug_str     0x0000026a       0x5f c:/avr/bin/../lib/gcc/avr/12.1.0/avr5\libgcc.a(_prologue.o)
 .debug_str     0x0000026a       0x5f c:/avr/bin/../lib/gcc/avr/12.1.0/avr5\libgcc.a(_epilogue.o)
 .debug_str     0x0000026a       0x5f c:/avr/bin/../lib/gcc/avr/12.1.0/avr5\libgcc.a(_udivmodsi4.o)
 .debug_str     0x0000026a       0x5f c:/avr/bin/../lib/gcc/avr/12.1.0/avr5\libgcc.a(_umulhisi3.o)

.debug_loc
 *(.debug_loc)

.debug_macinfo
 *(.debug_macinfo)

.debug_weaknames
 *(.debug_weaknames)

.debug_funcnames
 *(.debug_funcnames)

.debug_typenames
 *(.debug_typenames)

.debug_varnames
 *(.debug_varnames)

.debug_pubtypes
 *(.debug_pubtypes)

.debug_ranges
 *(.debug_ranges)

.debug_addr
 *(.debug_addr)

.debug_line_str
                0x00000000       0x53
 *(.debug_line_str)
 .debug_line_str
                0x00000000       0x53 c:/avr/bin/../lib/gcc/avr/12.1.0/avr5\libgcc.a(_exit.o)
                                 0x5f (size before relaxing)
 .debug_line_str
                0x00000053       0x5f c:/avr/bin/../lib/gcc/avr/12.1.0/avr5\libgcc.a(_copy_data.o)
 .debug_line_str
                0x00000053       0x5f c:/avr/bin/../lib/gcc/avr/12.1.0/avr5\libgcc.a(_clear_bss.o)
 .debug_line_str
                0x00000053       0x5f c:/avr/bin/../lib/gcc/avr/12.1.0/avr5\libgcc.a(_divmodsi4.o)
 .debug_line_str
                0x00000053       0x5f c:/avr/bin/../lib/gcc/avr/12.1.0/avr5\libgcc.a(_negsi2.o)
 .debug_line_str
                0x00000053       0x5f c:/avr/bin/../lib/gcc/avr/12.1.0/avr5\libgcc.a(_muluhisi3.o)
 .debug_line_str
                0x00000053       0x5f c:/avr/bin/../lib/gcc/avr/12.1.0/avr5\libgcc.a(_mulshisi3.o)
 .debug_line_str
                0x00000053       0x5f c:/avr/bin/../lib/gcc/avr/12.1.0/avr5\libgcc.a(_prologue.o)
 .debug_line_str
                0x00000053       0x5f c:/avr/bin/../lib/gcc/avr/12.1.0/avr5\libgcc.a(_epilogue.o)
 .debug_line_str
                0x00000053       0x5f c:/avr/bin/../lib/gcc/avr/12.1.0/avr5\libgcc.a(_udivmodsi4.o)
 .debug_line_str
                0x00000053       0x5f c:/avr/bin/../lib/gcc/avr/12.1.0/avr5\libgcc.a(_umulhisi3.o)

.debug_loclists
 *(.debug_loclists)

.debug_macro
 *(.debug_macro)

.debug_names
 *(.debug_names)

.debug_rnglists
 *(.debug_rnglists)

.debug_str_offsets
 *(.debug_str_offsets)

.debug_sup
 *(.debug_sup)
OUTPUT(avrdemo.elf elf32-avr)
LOAD linker stubs
